// Jest Snapshot v1, https://goo.gl/fbAQLP

exports[`SearchRecipeCard Component renders correctly with meal data 1`] = `
<View
  collapsable={false}
  style={
    {
      "backgroundColor": "rgba(247, 243, 249, 1)",
      "borderRadius": 8,
      "marginVertical": 8,
      "shadowColor": "#000",
      "shadowOffset": {
        "height": 1,
        "width": 0,
      },
      "shadowOpacity": 0.15,
      "shadowRadius": 3,
    }
  }
  testID="card-container-outer-layer"
>
  <View
    collapsable={false}
    style={
      {
        "backgroundColor": "rgba(247, 243, 249, 1)",
        "borderRadius": 8,
        "elevation": 2,
        "flex": undefined,
        "padding": 8,
        "shadowColor": "#000",
        "shadowOffset": {
          "height": 1,
          "width": 0,
        },
        "shadowOpacity": 0.3,
        "shadowRadius": 1,
      }
    }
    testID="card-container"
  >
    <View
      style={
        [
          {
            "flexShrink": 1,
          },
          undefined,
        ]
      }
      testID="card"
    >
      <Text
        borderRadiusStyles={
          {
            "borderRadius": 8,
          }
        }
        href="/details?recipeId=12345"
        index={0}
        onPress={[Function]}
        role="link"
        siblings={[]}
        total={1}
      >
        <View
          style={
            {
              "alignItems": "center",
              "flexDirection": "row",
            }
          }
        >
          <Image
            source={
              {
                "uri": "https://via.placeholder.com/100",
              }
            }
            style={
              {
                "borderRadius": 8,
                "height": 50,
                "width": 50,
              }
            }
          />
          <View
            style={
              {
                "flex": 1,
                "marginHorizontal": 12,
              }
            }
          >
            <Text
              style={
                [
                  {
                    "textAlign": "left",
                  },
                  {
                    "color": "rgba(28, 27, 31, 1)",
                    "fontFamily": "System",
                    "fontWeight": "400",
                    "letterSpacing": 0,
                  },
                  {
                    "writingDirection": "ltr",
                  },
                  {
                    "fontSize": 16,
                    "fontWeight": "bold",
                    "marginBottom": 4,
                  },
                ]
              }
            >
              Test Meal
            </Text>
            <View
              style={
                {
                  "flexDirection": "row",
                  "gap": 8,
                }
              }
            >
              <Text
                style={
                  [
                    {
                      "textAlign": "left",
                    },
                    {
                      "color": "rgba(28, 27, 31, 1)",
                      "fontFamily": "System",
                      "fontWeight": "400",
                      "letterSpacing": 0,
                    },
                    {
                      "writingDirection": "ltr",
                    },
                    {
                      "backgroundColor": "#cbd38f",
                      "borderRadius": 16,
                      "fontSize": 12,
                      "fontWeight": "bold",
                      "paddingHorizontal": 8,
                      "paddingVertical": 4,
                    },
                  ]
                }
              >
                Test Category
              </Text>
              <Text
                style={
                  [
                    {
                      "textAlign": "left",
                    },
                    {
                      "color": "rgba(28, 27, 31, 1)",
                      "fontFamily": "System",
                      "fontWeight": "400",
                      "letterSpacing": 0,
                    },
                    {
                      "writingDirection": "ltr",
                    },
                    {
                      "backgroundColor": "#cbd38f",
                      "borderRadius": 16,
                      "fontSize": 12,
                      "fontWeight": "bold",
                      "paddingHorizontal": 8,
                      "paddingVertical": 4,
                    },
                  ]
                }
              >
                Test Area
              </Text>
            </View>
          </View>
          <View
            accessibilityState={
              {
                "busy": undefined,
                "checked": undefined,
                "disabled": undefined,
                "expanded": undefined,
                "selected": undefined,
              }
            }
            accessibilityValue={
              {
                "max": undefined,
                "min": undefined,
                "now": undefined,
                "text": undefined,
              }
            }
            accessible={true}
            collapsable={false}
            focusable={true}
            onClick={[Function]}
            onResponderGrant={[Function]}
            onResponderMove={[Function]}
            onResponderRelease={[Function]}
            onResponderTerminate={[Function]}
            onResponderTerminationRequest={[Function]}
            onStartShouldSetResponder={[Function]}
            style={
              {
                "opacity": 1,
                "padding": 4,
              }
            }
          >
            <Ionicons
              color="#d2d2d2"
              name="heart-outline"
              size={30}
            />
          </View>
        </View>
      </Text>
    </View>
  </View>
</View>
`;
