// Jest Snapshot v1, https://goo.gl/fbAQLP

exports[`should render 1`] = `
<View
  style={
    [
      {
        "backgroundColor": "#ffffff",
      },
      undefined,
    ]
  }
>
  Snapshot test!
</View>
`;
